C:/Users/BFR3KOR/STM32Cube/Repository/STM32Cube_FW_F4_V1.27.1/Drivers/CMSIS/Include/core_cm4.h:1688:22:__NVIC_EnableIRQ	16	static
../Src/main.c:27:6:DWT_Init	4	static
../Src/main.c:33:6:delay_us	24	static
../Src/main.c:39:6:delay_ms	16	static
../Src/main.c:44:6:DHT11_Set_Pin_Output	24	static
../Src/main.c:51:6:DHT11_Set_Pin_Input	24	static
../Src/main.c:58:6:DHT11_Start	16	static
../Src/main.c:67:9:DHT11_Check_Response	16	static
../Src/main.c:79:9:DHT11_Read	24	static
../Src/main.c:91:9:DHT11_GetData	32	static
../Src/main.c:110:6:SystemClock_Config	4	static
../Src/main.c:122:6:GPIO_Config	4	static
../Src/main.c:153:6:EXTI3_Config	8	static
../Src/main.c:162:6:EXTI3_IRQHandler	8	static
../Src/main.c:200:6:TIM3_Config	8	static
../Src/main.c:209:6:TIM3_IRQHandler	8	static
../Src/main.c:229:6:TIM4_Config	8	static
../Src/main.c:238:6:TIM4_IRQHandler	8	static
../Src/main.c:261:5:main	8	static
